// Jest Snapshot v1, https://goo.gl/fbAQLP

exports[`should report close error even if complete message followed 1`] = `""error" message expects the 'id' property to be a string, but got null"`;

exports[`should report close error even if complete message followed 2`] = `""error" message expects the 'id' property to be a string, but got null"`;
